16990.634
000000000001010000101000000111001111001110000010100010000100101010000010000000101011000000010001101000010010000010100000001110000000000000100000011000010001000000010010101000000000000110010011100011000000000000100000000100000001000100100000001000000000000110000000110010010000010100000110000000110010100001001000010111001000010000000
